// Jest Snapshot v1, https://goo.gl/fbAQLP

exports[`Users Tests DELETE method It should delete a logged user according the token passed as parameter in the Header. 1`] = `Object {}`;

exports[`Users Tests DELETE method It should not delete a user if is not logged. 1`] = `Object {}`;

exports[`Users Tests GET method It should not return a user if he is not logged. 1`] = `Object {}`;

exports[`Users Tests GET method It should not return all users if the user is not a admin. 1`] = `Object {}`;

exports[`Users Tests GET method It should return a logged user according the tokken passed as parameter in the Header. 1`] = `
Object {
  "__v": 0,
  "_id": "ObjectId",
  "email": "jhon@email.com",
  "name": "Jhon",
  "photo": "avatar",
  "recipes": Array [],
  "role": "user",
  "userName": "jhon",
}
`;

exports[`Users Tests POST method It should create a new user. 1`] = `Object {}`;

exports[`Users Tests POST method It should not create a new user with  a already exists username. 1`] = `Object {}`;

exports[`Users Tests POST method It should not create a new user with the same email. 1`] = `Object {}`;

exports[`Users Tests PUT method It should not update a user if he is not logged. 1`] = `Object {}`;

exports[`Users Tests PUT method It should update a logged user according the token passed as parameter in the Header. 1`] = `Object {}`;
